2 1234.45 1236.45
asdf fdas asdffdas
5
Hello
Positive
x-is-two
y-medium
logical and comparison true
3 6
10
1
2
